
> housing-management-login@1.0.0 build
> vite build

[36mvite v5.4.21 [32mbuilding for production...[36m[39m
transforming...
[32mΓ£ô[39m 208 modules transformed.
node.exe : [31mx[39m 
Build failed in 2.11s
At line:1 char:1
+ & "C:\Program 
Files\nodejs/node.exe" "C
:\Users\HP\AppData\Roamin
g\npm ...
+ ~~~~~~~~~~~~~~~~~~~~~~~
~~~~~~~~~~~~~~~~~~~~~~~~~
~~~~~~~~~~~~~~~~~~~~~
    + CategoryInfo       
       : NotSpecified:   
  ([31mx[39m Build f   
 ailed in 2.11s:Strin    
g) [], RemoteExcepti    
on
    + FullyQualifiedErro 
   rId : NativeCommandE  
  rror
 
[31merror during build:
[31m[vite]: Rollup 
failed to resolve import 
"@radix-ui/react-dialog" 
from "C:/Users/HP/Desktop
/react project/housing-ma
nagement-login/client/src
/components/ui/dialog.tsx
".
This is most likely 
unintended because it 
can break your 
application at runtime.
If you do want to 
externalize this module 
explicitly add it to
`build.rollupOptions.exte
rnal`[31m
    at viteWarn (file:///
C:/Users/HP/Desktop/react
%20project/housing-manage
ment-login/node_modules/v
ite/dist/node/chunks/dep-
BK3b2jBa.js:65855:17)
    at Object.onwarn (fil
e:///C:/Users/HP/Desktop/
react%20project/housing-m
anagement-login/vite.conf
ig.ts.timestamp-176895534
1359-d6dd8b78eeefc8.mjs:2
9:9)
    at onwarn (file:///C:
/Users/HP/Desktop/react%2
0project/housing-manageme
nt-login/node_modules/@vi
tejs/plugin-react/dist/in
dex.js:89:252)
    at onRollupWarning (f
ile:///C:/Users/HP/Deskto
p/react%20project/housing
-management-login/node_mo
dules/vite/dist/node/chun
ks/dep-BK3b2jBa.js:65885:
5)
    at onwarn (file:///C:
/Users/HP/Desktop/react%2
0project/housing-manageme
nt-login/node_modules/vit
e/dist/node/chunks/dep-BK
3b2jBa.js:65550:7)
    at file:///C:/Users/H
P/Desktop/react%20project
/housing-management-login
/node_modules/rollup/dist
/es/shared/node-entry.js:
21091:13
    at Object.logger [as 
onLog] (file:///C:/Users/
HP/Desktop/react%20projec
t/housing-management-logi
n/node_modules/rollup/dis
t/es/shared/node-entry.js
:22964:9)
    at ModuleLoader.handl
eInvalidResolvedId (file:
///C:/Users/HP/Desktop/re
act%20project/housing-man
agement-login/node_module
s/rollup/dist/es/shared/n
ode-entry.js:21708:26)
    at file:///C:/Users/H
P/Desktop/react%20project
/housing-management-login
/node_modules/rollup/dist
/es/shared/node-entry.js:
21666:26[39m
